                                                                                                                                                                                                  QUERY PLAN                                                                                                                                                                                                   
---------------------------------------------------------------------------------------------------------------------------------------------------------------------------------------------------------------------------------------------------------------------------------------------------------------------------------------------------------------------------------------------------------------
 Sort
   Sort Key: t.unit_type, t.unit_id, t.valid_from
   ->  Nested Loop Left Join
         ->  Nested Loop Left Join
               ->  Nested Loop Left Join
                     ->  Nested Loop Left Join
                           ->  Nested Loop Left Join
                                 ->  Nested Loop Left Join
                                       ->  Nested Loop Left Join
                                             ->  Hash Left Join
                                                   Hash Cond: (pol.country_id = poc.id)
                                                   ->  Hash Left Join
                                                         Hash Cond: (pol.region_id = por.id)
                                                         ->  Nested Loop Left Join
                                                               ->  Hash Left Join
                                                                     Hash Cond: (phl.country_id = phc.id)
                                                                     ->  Hash Left Join
                                                                           Hash Cond: (phl.region_id = phr.id)
                                                                           ->  Nested Loop Left Join
                                                                                 ->  Hash Left Join
                                                                                       Hash Cond: (lu.legal_form_id = lf.id)
                                                                                       ->  Hash Left Join
                                                                                             Hash Cond: (lu.sector_id = s.id)
                                                                                             ->  Nested Loop Left Join
                                                                                                   ->  Nested Loop Left Join
                                                                                                         ->  Nested Loop Left Join
                                                                                                               ->  Nested Loop Left Join
                                                                                                                     ->  Hash Left Join
                                                                                                                           Hash Cond: ((t.unit_id = lu_stats.unit_id) AND (t.valid_from = lu_stats.valid_from))
                                                                                                                           ->  Nested Loop
                                                                                                                                 ->  Seq Scan on timesegments t
                                                                                                                                 ->  Memoize
                                                                                                                                       Cache Key: t.unit_id, t.valid_from, t.valid_until
                                                                                                                                       Cache Mode: binary
                                                                                                                                       ->  Subquery Scan on lu
                                                                                                                                             ->  Limit
                                                                                                                                                   ->  Sort
                                                                                                                                                         Sort Key: lu_1.valid_from DESC
                                                                                                                                                         ->  Seq Scan on legal_unit lu_1
                                                                                                                                                               Filter: ((t.valid_from < valid_until) AND (valid_from < t.valid_until) AND (id = t.unit_id))
                                                                                                                           ->  Hash
                                                                                                                                 ->  Subquery Scan on lu_stats
                                                                                                                                       ->  GroupAggregate
                                                                                                                                             Group Key: t_1.unit_id, t_1.valid_from
                                                                                                                                             ->  Sort
                                                                                                                                                   Sort Key: t_1.unit_id, t_1.valid_from
                                                                                                                                                   ->  Nested Loop
                                                                                                                                                         ->  Hash Join
                                                                                                                                                               Hash Cond: (t_1.unit_id = sfu.legal_unit_id)
                                                                                                                                                               Join Filter: ((t_1.valid_from < sfu.valid_until) AND (sfu.valid_from < t_1.valid_until))
                                                                                                                                                               ->  Seq Scan on timesegments t_1
                                                                                                                                                                     Filter: (unit_type = 'legal_unit'::statistical_unit_type)
                                                                                                                                                               ->  Hash
                                                                                                                                                                     ->  Seq Scan on stat_for_unit sfu
                                                                                                                                                         ->  Index Scan using stat_definition_pkey on stat_definition sd
                                                                                                                                                               Index Cond: (id = sfu.stat_definition_id)
                                                                                                                     ->  Memoize
                                                                                                                           Cache Key: lu.id, t.valid_from, t.valid_until
                                                                                                                           Cache Mode: binary
                                                                                                                           ->  Subquery Scan on pa
                                                                                                                                 ->  Limit
                                                                                                                                       ->  Sort
                                                                                                                                             Sort Key: a.id DESC
                                                                                                                                             ->  Seq Scan on activity a
                                                                                                                                                   Filter: ((t.valid_from < valid_until) AND (valid_from < t.valid_until) AND (legal_unit_id = lu.id) AND (type = 'primary'::activity_type))
                                                                                                               ->  Memoize
                                                                                                                     Cache Key: pa.category_id
                                                                                                                     Cache Mode: logical
                                                                                                                     ->  Index Scan using activity_category_pkey on activity_category pac
                                                                                                                           Index Cond: (id = pa.category_id)
                                                                                                         ->  Memoize
                                                                                                               Cache Key: lu.id, t.valid_from, t.valid_until
                                                                                                               Cache Mode: binary
                                                                                                               ->  Subquery Scan on sa
                                                                                                                     ->  Limit
                                                                                                                           ->  Sort
                                                                                                                                 Sort Key: a_1.id DESC
                                                                                                                                 ->  Seq Scan on activity a_1
                                                                                                                                       Filter: ((t.valid_from < valid_until) AND (valid_from < t.valid_until) AND (legal_unit_id = lu.id) AND (type = 'secondary'::activity_type))
                                                                                                   ->  Memoize
                                                                                                         Cache Key: sa.category_id
                                                                                                         Cache Mode: logical
                                                                                                         ->  Index Scan using activity_category_pkey on activity_category sac
                                                                                                               Index Cond: (id = sa.category_id)
                                                                                             ->  Hash
                                                                                                   ->  Seq Scan on sector s
                                                                                       ->  Hash
                                                                                             ->  Seq Scan on legal_form lf
                                                                                 ->  Memoize
                                                                                       Cache Key: lu.id, t.valid_from, t.valid_until
                                                                                       Cache Mode: binary
                                                                                       ->  Subquery Scan on phl
                                                                                             ->  Limit
                                                                                                   ->  Sort
                                                                                                         Sort Key: l.id DESC
                                                                                                         ->  Seq Scan on location l
                                                                                                               Filter: ((t.valid_from < valid_until) AND (valid_from < t.valid_until) AND (legal_unit_id = lu.id) AND (type = 'physical'::location_type))
                                                                           ->  Hash
                                                                                 ->  Seq Scan on region phr
                                                                     ->  Hash
                                                                           ->  Seq Scan on country phc
                                                               ->  Memoize
                                                                     Cache Key: lu.id, t.valid_from, t.valid_until
                                                                     Cache Mode: binary
                                                                     ->  Subquery Scan on pol
                                                                           ->  Limit
                                                                                 ->  Sort
                                                                                       Sort Key: l_1.id DESC
                                                                                       ->  Seq Scan on location l_1
                                                                                             Filter: ((t.valid_from < valid_until) AND (valid_from < t.valid_until) AND (legal_unit_id = lu.id) AND (type = 'postal'::location_type))
                                                         ->  Hash
                                                               ->  Seq Scan on region por
                                                   ->  Hash
                                                         ->  Seq Scan on country poc
                                             ->  Memoize
                                                   Cache Key: lu.id, t.valid_from, t.valid_until
                                                   Cache Mode: binary
                                                   ->  Subquery Scan on c
                                                         ->  Limit
                                                               ->  Sort
                                                                     Sort Key: c_1.id DESC
                                                                     ->  Seq Scan on contact c_1
                                                                           Filter: ((t.valid_from < valid_until) AND (valid_from < t.valid_until) AND (legal_unit_id = lu.id))
                                       ->  Memoize
                                             Cache Key: lu.unit_size_id
                                             Cache Mode: logical
                                             ->  Index Scan using unit_size_pkey on unit_size us
                                                   Index Cond: (id = lu.unit_size_id)
                                 ->  Memoize
                                       Cache Key: lu.status_id
                                       Cache Mode: logical
                                       ->  Index Scan using status_pkey on status st
                                             Index Cond: (id = lu.status_id)
                           ->  Memoize
                                 Cache Key: lu.id, t.valid_from, t.valid_until
                                 Cache Mode: binary
                                 ->  Aggregate
                                       ->  Sort
                                             Sort Key: sfu_1.data_source_id
                                             ->  Seq Scan on stat_for_unit sfu_1
                                                   Filter: ((t.valid_from < valid_until) AND (valid_from < t.valid_until) AND (legal_unit_id = lu.id))
                     ->  Memoize
                           Cache Key: lu.data_source_id, pa.data_source_id, sa.data_source_id, phl.data_source_id, pol.data_source_id, (array_agg(DISTINCT sfu_1.data_source_id) FILTER (WHERE (sfu_1.data_source_id IS NOT NULL)))
                           Cache Mode: binary
                           ->  Aggregate
                                 ->  Seq Scan on data_source ds
                                       Filter: (COALESCE((id = lu.data_source_id), false) OR COALESCE((id = pa.data_source_id), false) OR COALESCE((id = sa.data_source_id), false) OR COALESCE((id = phl.data_source_id), false) OR COALESCE((id = pol.data_source_id), false) OR COALESCE((id = ANY ((array_agg(DISTINCT sfu_1.data_source_id) FILTER (WHERE (sfu_1.data_source_id IS NOT NULL))))), false))
               ->  Memoize
                     Cache Key: lu.edit_comment, lu.edit_by_user_id, lu.edit_at, pa.edit_comment, pa.edit_by_user_id, pa.edit_at, sa.edit_comment, sa.edit_by_user_id, sa.edit_at, phl.edit_comment, phl.edit_by_user_id, phl.edit_at, pol.edit_comment, pol.edit_by_user_id, pol.edit_at, c.edit_comment, c.edit_by_user_id, c.edit_at
                     Cache Mode: binary
                     ->  Limit
                           ->  Sort
                                 Sort Key: "*VALUES*".column3 DESC
                                 ->  Values Scan on "*VALUES*"
                                       Filter: (column3 IS NOT NULL)
         ->  Memoize
               Cache Key: lu.id, t.valid_from, t.valid_until
               Cache Mode: binary
               ->  Subquery Scan on esa
                     ->  GroupAggregate
                           ->  Sort
                                 Sort Key: tes.establishment_id
                                 ->  Seq Scan on timeline_establishment tes
                                       Filter: ((t.valid_from < valid_until) AND (valid_from < t.valid_until) AND (legal_unit_id = lu.id))
         SubPlan 1
           ->  Aggregate
                 ->  Sort
                       Sort Key: (unnest(COALESCE((array_agg(ds.id)), '{}'::integer[])))
                       ->  Append
                             ->  ProjectSet
                                   ->  Result
                             ->  ProjectSet
                                   ->  Result
         SubPlan 2
           ->  Aggregate
                 ->  Sort
                       Sort Key: (unnest(COALESCE((array_agg(ds.code)), '{}'::text[])))
                       ->  Append
                             ->  ProjectSet
                                   ->  Result
                             ->  ProjectSet
                                   ->  Result
(182 rows)

