       QUERY PLAN       
------------------------
 Seq Scan on timepoints
(1 row)

