                                       QUERY PLAN                                       
----------------------------------------------------------------------------------------
 Subquery Scan on timesegments_with_trailing_point
   Filter: (timesegments_with_trailing_point.valid_until IS NOT NULL)
   ->  WindowAgg
         ->  Sort
               Sort Key: timepoints.unit_type, timepoints.unit_id, timepoints.timepoint
               ->  Seq Scan on timepoints
(6 rows)

