SET datestyle TO 'ISO, DMY';
BEGIN;
\echo "Setting up Statbus to test enterprise grouping and primary"
"Setting up Statbus to test enterprise grouping and primary"
-- A Super User configures statbus.
CALL test.set_user_from_email('test.super@statbus.org');
\echo "User selected the Activity Category Standard"
"User selected the Activity Category Standard"
INSERT INTO settings(activity_category_standard_id,only_one_setting)
SELECT id, true FROM activity_category_standard WHERE code = 'nace_v2.1'
ON CONFLICT (only_one_setting)
DO UPDATE SET
   activity_category_standard_id =(SELECT id FROM activity_category_standard WHERE code = 'nace_v2.1')
   WHERE settings.id = EXCLUDED.id;
;
SELECT acs.code
  FROM public.settings AS s
  JOIN activity_category_standard AS acs
    ON s.activity_category_standard_id = acs.id;
   code    
-----------
 nace_v2.1
(1 row)

\echo "User uploads the sample activity categories"
"User uploads the sample activity categories"
\copy public.activity_category_available_custom(path,name,description) FROM 'samples/norway/activity_category/activity_category_norway.csv' WITH (FORMAT csv, DELIMITER ',', QUOTE '"', HEADER true);
SELECT count(*) FROM public.activity_category_available;
 count 
-------
  2215
(1 row)

\echo "User uploads the sample regions"
"User uploads the sample regions"
\copy public.region_upload(path, name) FROM 'samples/norway/regions/norway-regions-2024.csv' WITH (FORMAT csv, DELIMITER ',', QUOTE '"', HEADER true);
SELECT count(*) FROM public.region;
 count 
-------
   417
(1 row)

\echo "User uploads the sample legal forms"
"User uploads the sample legal forms"
\copy public.legal_form_custom_only(code,name) FROM 'samples/norway/legal_form/legal_form_norway.csv' WITH (FORMAT csv, DELIMITER ',', QUOTE '"', HEADER true);
SELECT count(*) FROM public.legal_form_available;
 count 
-------
    46
(1 row)

\echo "User uploads the sample sectors"
"User uploads the sample sectors"
\copy public.sector_custom_only(path,name,description) FROM 'samples/norway/sector/sector_norway.csv' WITH (FORMAT csv, DELIMITER ',', QUOTE '"', HEADER true);
SELECT count(*) FROM public.sector_available;
 count 
-------
    33
(1 row)

SAVEPOINT before_loading_units;
\echo "Test sector changes in the middle of a month"
"Test sector changes in the middle of a month"
SELECT
    (SELECT COUNT(DISTINCT id) AS distinct_unit_count FROM public.establishment) AS establishment_count,
    (SELECT COUNT(DISTINCT id) AS distinct_unit_count FROM public.legal_unit) AS legal_unit_count,
    (SELECT COUNT(DISTINCT id) AS distinct_unit_count FROM public.enterprise) AS enterprise_count;
 establishment_count | legal_unit_count | enterprise_count 
---------------------+------------------+------------------
                   0 |                0 |                0
(1 row)

\echo "User uploads the legal units"
"User uploads the legal units"
\copy public.import_legal_unit_era(valid_from,valid_to,tax_ident,name,birth_date,death_date,physical_address_part1,physical_postcode,physical_postplace,physical_region_code,physical_country_iso_2,postal_address_part1,postal_postcode,postal_postplace,postal_region_code,postal_country_iso_2,primary_activity_category_code,secondary_activity_category_code,sector_code,legal_form_code) FROM 'test/data/40_legal-units-sector-change-middle-of-month.csv' WITH (FORMAT csv, DELIMITER ',', QUOTE '"', HEADER true);
SELECT
    (SELECT COUNT(DISTINCT id) AS distinct_unit_count FROM public.establishment) AS establishment_count,
    (SELECT COUNT(DISTINCT id) AS distinct_unit_count FROM public.legal_unit) AS legal_unit_count,
    (SELECT COUNT(DISTINCT id) AS distinct_unit_count FROM public.enterprise) AS enterprise_count;
 establishment_count | legal_unit_count | enterprise_count 
---------------------+------------------+------------------
                   0 |                1 |                1
(1 row)

\echo "Refreshing materialized views"
"Refreshing materialized views"
-- Exclude the refresh_time_ms as it will vary.
SELECT view_name FROM statistical_unit_refresh_now();
         view_name         
---------------------------
 statistical_unit
 activity_category_used
 region_used
 sector_used
 data_source_used
 legal_form_used
 country_used
 statistical_unit_facet
 statistical_history
 statistical_history_facet
(10 rows)

\echo "Check sector for legal units over time"
"Check sector for legal units over time"
SELECT external_idents ->> 'tax_ident' as tax_ident, name, valid_after, valid_from, valid_to, sector_code
FROM public.statistical_unit
WHERE unit_type = 'legal_unit';
 tax_ident |       name        | valid_after | valid_from |  valid_to  | sector_code 
-----------+-------------------+-------------+------------+------------+-------------
 823573673 | Kranløft Vestland | 2011-01-14  | 2011-01-15 | infinity   | 8200
 823573673 | Kranløft Vestland | 2009-12-31  | 2010-01-01 | 2011-01-14 | 2100
(2 rows)

\echo "Test statistical unit history by year - sector_change_count should be 1 for year 2011"
"Test statistical unit history by year - sector_change_count should be 1 for year 2011"
SELECT resolution, year, unit_type, count, births, deaths, sector_change_count
FROM public.statistical_history
WHERE resolution = 'year'
AND year < 2013
AND unit_type = 'legal_unit';
 resolution | year | unit_type  | count | births | deaths | sector_change_count 
------------+------+------------+-------+--------+--------+---------------------
 year       | 2010 | legal_unit |     1 |      1 |      0 |                   0
 year       | 2011 | legal_unit |     1 |      0 |      0 |                   1
 year       | 2012 | legal_unit |     1 |      0 |      0 |                   0
(3 rows)

\echo "Test statistical unit history by year-month - sector_change_count should be 1 for year-month 2011-1"
"Test statistical unit history by year-month - sector_change_count should be 1 for year-month 2011-1"
SELECT resolution, year, month, unit_type, count, births, deaths, sector_change_count
FROM public.statistical_history
WHERE resolution = 'year-month'
AND year < 2013
AND unit_type = 'legal_unit';
 resolution | year | month | unit_type  | count | births | deaths | sector_change_count 
------------+------+-------+------------+-------+--------+--------+---------------------
 year-month | 2010 |     1 | legal_unit |     1 |      1 |      0 |                   0
 year-month | 2010 |     2 | legal_unit |     1 |      0 |      0 |                   0
 year-month | 2010 |     3 | legal_unit |     1 |      0 |      0 |                   0
 year-month | 2010 |     4 | legal_unit |     1 |      0 |      0 |                   0
 year-month | 2010 |     5 | legal_unit |     1 |      0 |      0 |                   0
 year-month | 2010 |     6 | legal_unit |     1 |      0 |      0 |                   0
 year-month | 2010 |     7 | legal_unit |     1 |      0 |      0 |                   0
 year-month | 2010 |     8 | legal_unit |     1 |      0 |      0 |                   0
 year-month | 2010 |     9 | legal_unit |     1 |      0 |      0 |                   0
 year-month | 2010 |    10 | legal_unit |     1 |      0 |      0 |                   0
 year-month | 2010 |    11 | legal_unit |     1 |      0 |      0 |                   0
 year-month | 2010 |    12 | legal_unit |     1 |      0 |      0 |                   0
 year-month | 2011 |     1 | legal_unit |     1 |      0 |      0 |                   1
 year-month | 2011 |     2 | legal_unit |     1 |      0 |      0 |                   0
 year-month | 2011 |     3 | legal_unit |     1 |      0 |      0 |                   0
 year-month | 2011 |     4 | legal_unit |     1 |      0 |      0 |                   0
 year-month | 2011 |     5 | legal_unit |     1 |      0 |      0 |                   0
 year-month | 2011 |     6 | legal_unit |     1 |      0 |      0 |                   0
 year-month | 2011 |     7 | legal_unit |     1 |      0 |      0 |                   0
 year-month | 2011 |     8 | legal_unit |     1 |      0 |      0 |                   0
 year-month | 2011 |     9 | legal_unit |     1 |      0 |      0 |                   0
 year-month | 2011 |    10 | legal_unit |     1 |      0 |      0 |                   0
 year-month | 2011 |    11 | legal_unit |     1 |      0 |      0 |                   0
 year-month | 2011 |    12 | legal_unit |     1 |      0 |      0 |                   0
 year-month | 2012 |     1 | legal_unit |     1 |      0 |      0 |                   0
 year-month | 2012 |     2 | legal_unit |     1 |      0 |      0 |                   0
 year-month | 2012 |     3 | legal_unit |     1 |      0 |      0 |                   0
 year-month | 2012 |     4 | legal_unit |     1 |      0 |      0 |                   0
 year-month | 2012 |     5 | legal_unit |     1 |      0 |      0 |                   0
 year-month | 2012 |     6 | legal_unit |     1 |      0 |      0 |                   0
 year-month | 2012 |     7 | legal_unit |     1 |      0 |      0 |                   0
 year-month | 2012 |     8 | legal_unit |     1 |      0 |      0 |                   0
 year-month | 2012 |     9 | legal_unit |     1 |      0 |      0 |                   0
 year-month | 2012 |    10 | legal_unit |     1 |      0 |      0 |                   0
 year-month | 2012 |    11 | legal_unit |     1 |      0 |      0 |                   0
 year-month | 2012 |    12 | legal_unit |     1 |      0 |      0 |                   0
(36 rows)

\x
ROLLBACK TO before_loading_units;
\echo "Test sector changes at the start of the second month"
"Test sector changes at the start of the second month"
\x
SELECT
    (SELECT COUNT(DISTINCT id) AS distinct_unit_count FROM public.establishment) AS establishment_count,
    (SELECT COUNT(DISTINCT id) AS distinct_unit_count FROM public.legal_unit) AS legal_unit_count,
    (SELECT COUNT(DISTINCT id) AS distinct_unit_count FROM public.enterprise) AS enterprise_count;
 establishment_count | legal_unit_count | enterprise_count 
---------------------+------------------+------------------
                   0 |                0 |                0
(1 row)

\echo "User uploads the legal units"
"User uploads the legal units"
\copy public.import_legal_unit_era(valid_from,valid_to,tax_ident,name,birth_date,death_date,physical_address_part1,physical_postcode,physical_postplace,physical_region_code,physical_country_iso_2,postal_address_part1,postal_postcode,postal_postplace,postal_region_code,postal_country_iso_2,primary_activity_category_code,secondary_activity_category_code,sector_code,legal_form_code) FROM 'test/data/40_legal-units-sector-change-start-of-second-month.csv' WITH (FORMAT csv, DELIMITER ',', QUOTE '"', HEADER true);
SELECT
    (SELECT COUNT(DISTINCT id) AS distinct_unit_count FROM public.establishment) AS establishment_count,
    (SELECT COUNT(DISTINCT id) AS distinct_unit_count FROM public.legal_unit) AS legal_unit_count,
    (SELECT COUNT(DISTINCT id) AS distinct_unit_count FROM public.enterprise) AS enterprise_count;
 establishment_count | legal_unit_count | enterprise_count 
---------------------+------------------+------------------
                   0 |                1 |                1
(1 row)

\echo "Refreshing materialized views"
"Refreshing materialized views"
-- Exclude the refresh_time_ms as it will vary.
SELECT view_name FROM statistical_unit_refresh_now();
         view_name         
---------------------------
 statistical_unit
 activity_category_used
 region_used
 sector_used
 data_source_used
 legal_form_used
 country_used
 statistical_unit_facet
 statistical_history
 statistical_history_facet
(10 rows)

\echo "Check sector for legal units over time"
"Check sector for legal units over time"
SELECT external_idents ->> 'tax_ident' as tax_ident, name, valid_after, valid_from, valid_to, sector_code
FROM public.statistical_unit
WHERE unit_type = 'legal_unit'
ORDER BY external_idents ->> 'tax_ident', valid_from;
 tax_ident |       name        | valid_after | valid_from |  valid_to  | sector_code 
-----------+-------------------+-------------+------------+------------+-------------
 823573673 | Kranløft Vestland | 2009-12-31  | 2010-01-01 | 2011-01-31 | 2100
 823573673 | Kranløft Vestland | 2011-01-31  | 2011-02-01 | infinity   | 8200
(2 rows)

\echo "Check statistical unit history by year - sector_change_count should be 1 for year 2011"
"Check statistical unit history by year - sector_change_count should be 1 for year 2011"
SELECT resolution, year,month, unit_type, count, births, deaths, sector_change_count
FROM public.statistical_history
WHERE resolution = 'year'
AND year < 2012
AND unit_type = 'legal_unit';
 resolution | year | month | unit_type  | count | births | deaths | sector_change_count 
------------+------+-------+------------+-------+--------+--------+---------------------
 year       | 2010 |       | legal_unit |     1 |      1 |      0 |                   0
 year       | 2011 |       | legal_unit |     1 |      0 |      0 |                   1
(2 rows)

\echo "Check statistical unit history by year-month - sector_change_count should be 1 for year-month 2011-2"
"Check statistical unit history by year-month - sector_change_count should be 1 for year-month 2011-2"
SELECT resolution, year, month, unit_type, count, births, deaths, sector_change_count
FROM public.statistical_history
WHERE resolution = 'year-month'
AND year < 2012
AND unit_type = 'legal_unit';
 resolution | year | month | unit_type  | count | births | deaths | sector_change_count 
------------+------+-------+------------+-------+--------+--------+---------------------
 year-month | 2010 |     1 | legal_unit |     1 |      1 |      0 |                   0
 year-month | 2010 |     2 | legal_unit |     1 |      0 |      0 |                   0
 year-month | 2010 |     3 | legal_unit |     1 |      0 |      0 |                   0
 year-month | 2010 |     4 | legal_unit |     1 |      0 |      0 |                   0
 year-month | 2010 |     5 | legal_unit |     1 |      0 |      0 |                   0
 year-month | 2010 |     6 | legal_unit |     1 |      0 |      0 |                   0
 year-month | 2010 |     7 | legal_unit |     1 |      0 |      0 |                   0
 year-month | 2010 |     8 | legal_unit |     1 |      0 |      0 |                   0
 year-month | 2010 |     9 | legal_unit |     1 |      0 |      0 |                   0
 year-month | 2010 |    10 | legal_unit |     1 |      0 |      0 |                   0
 year-month | 2010 |    11 | legal_unit |     1 |      0 |      0 |                   0
 year-month | 2010 |    12 | legal_unit |     1 |      0 |      0 |                   0
 year-month | 2011 |     1 | legal_unit |     1 |      0 |      0 |                   0
 year-month | 2011 |     2 | legal_unit |     1 |      0 |      0 |                   1
 year-month | 2011 |     3 | legal_unit |     1 |      0 |      0 |                   0
 year-month | 2011 |     4 | legal_unit |     1 |      0 |      0 |                   0
 year-month | 2011 |     5 | legal_unit |     1 |      0 |      0 |                   0
 year-month | 2011 |     6 | legal_unit |     1 |      0 |      0 |                   0
 year-month | 2011 |     7 | legal_unit |     1 |      0 |      0 |                   0
 year-month | 2011 |     8 | legal_unit |     1 |      0 |      0 |                   0
 year-month | 2011 |     9 | legal_unit |     1 |      0 |      0 |                   0
 year-month | 2011 |    10 | legal_unit |     1 |      0 |      0 |                   0
 year-month | 2011 |    11 | legal_unit |     1 |      0 |      0 |                   0
 year-month | 2011 |    12 | legal_unit |     1 |      0 |      0 |                   0
(24 rows)

\x
ROLLBACK TO before_loading_units;
\echo "Test sector changes at the start of the year"
"Test sector changes at the start of the year"
\x
SELECT
    (SELECT COUNT(DISTINCT id) AS distinct_unit_count FROM public.establishment) AS establishment_count,
    (SELECT COUNT(DISTINCT id) AS distinct_unit_count FROM public.legal_unit) AS legal_unit_count,
    (SELECT COUNT(DISTINCT id) AS distinct_unit_count FROM public.enterprise) AS enterprise_count;
 establishment_count | legal_unit_count | enterprise_count 
---------------------+------------------+------------------
                   0 |                0 |                0
(1 row)

\echo "User uploads the legal units"
"User uploads the legal units"
\copy public.import_legal_unit_era(valid_from,valid_to,tax_ident,name,birth_date,death_date,physical_address_part1,physical_postcode,physical_postplace,physical_region_code,physical_country_iso_2,postal_address_part1,postal_postcode,postal_postplace,postal_region_code,postal_country_iso_2,primary_activity_category_code,secondary_activity_category_code,sector_code,legal_form_code) FROM 'test/data/40_legal-units-sector-change-start-of-year.csv' WITH (FORMAT csv, DELIMITER ',', QUOTE '"', HEADER true);
SELECT
    (SELECT COUNT(DISTINCT id) AS distinct_unit_count FROM public.establishment) AS establishment_count,
    (SELECT COUNT(DISTINCT id) AS distinct_unit_count FROM public.legal_unit) AS legal_unit_count,
    (SELECT COUNT(DISTINCT id) AS distinct_unit_count FROM public.enterprise) AS enterprise_count;
 establishment_count | legal_unit_count | enterprise_count 
---------------------+------------------+------------------
                   0 |                1 |                1
(1 row)

\echo "Refreshing materialized views"
"Refreshing materialized views"
-- Exclude the refresh_time_ms as it will vary.
SELECT view_name FROM statistical_unit_refresh_now();
         view_name         
---------------------------
 statistical_unit
 activity_category_used
 region_used
 sector_used
 data_source_used
 legal_form_used
 country_used
 statistical_unit_facet
 statistical_history
 statistical_history_facet
(10 rows)

\echo "Check sector for legal units over time"
"Check sector for legal units over time"
SELECT external_idents ->> 'tax_ident' as tax_ident, name, valid_after, valid_from, valid_to, sector_code
FROM public.statistical_unit
WHERE unit_type = 'legal_unit'
ORDER BY external_idents ->> 'tax_ident', valid_from;
 tax_ident |       name        | valid_after | valid_from |  valid_to  | sector_code 
-----------+-------------------+-------------+------------+------------+-------------
 823573673 | Kranløft Vestland | 2009-12-31  | 2010-01-01 | 2010-12-31 | 2100
 823573673 | Kranløft Vestland | 2010-12-31  | 2011-01-01 | 2011-12-31 | 7000
 823573673 | Kranløft Vestland | 2011-12-31  | 2012-01-01 | infinity   | 8200
(3 rows)

\echo "Check statistical unit history by year - sector_change_count should be 1 for year 2011 and 2012"
"Check statistical unit history by year - sector_change_count should be 1 for year 2011 and 2012"
SELECT resolution, year,month, unit_type, count, births, deaths, sector_change_count
FROM public.statistical_history
WHERE resolution = 'year'
AND year < 2014
AND unit_type = 'legal_unit';
 resolution | year | month | unit_type  | count | births | deaths | sector_change_count 
------------+------+-------+------------+-------+--------+--------+---------------------
 year       | 2010 |       | legal_unit |     1 |      1 |      0 |                   0
 year       | 2011 |       | legal_unit |     1 |      0 |      0 |                   1
 year       | 2012 |       | legal_unit |     1 |      0 |      0 |                   1
 year       | 2013 |       | legal_unit |     1 |      0 |      0 |                   0
(4 rows)

\echo "Check statistical unit history by year-month - sector_change_count should be 1 for year-month 2011-1 and 2012-1"
"Check statistical unit history by year-month - sector_change_count should be 1 for year-month 2011-1 and 2012-1"
SELECT resolution, year, month, unit_type, count, births, deaths, sector_change_count
FROM public.statistical_history
WHERE resolution = 'year-month'
AND year < 2013
AND unit_type = 'legal_unit';
 resolution | year | month | unit_type  | count | births | deaths | sector_change_count 
------------+------+-------+------------+-------+--------+--------+---------------------
 year-month | 2010 |     1 | legal_unit |     1 |      1 |      0 |                   0
 year-month | 2010 |     2 | legal_unit |     1 |      0 |      0 |                   0
 year-month | 2010 |     3 | legal_unit |     1 |      0 |      0 |                   0
 year-month | 2010 |     4 | legal_unit |     1 |      0 |      0 |                   0
 year-month | 2010 |     5 | legal_unit |     1 |      0 |      0 |                   0
 year-month | 2010 |     6 | legal_unit |     1 |      0 |      0 |                   0
 year-month | 2010 |     7 | legal_unit |     1 |      0 |      0 |                   0
 year-month | 2010 |     8 | legal_unit |     1 |      0 |      0 |                   0
 year-month | 2010 |     9 | legal_unit |     1 |      0 |      0 |                   0
 year-month | 2010 |    10 | legal_unit |     1 |      0 |      0 |                   0
 year-month | 2010 |    11 | legal_unit |     1 |      0 |      0 |                   0
 year-month | 2010 |    12 | legal_unit |     1 |      0 |      0 |                   0
 year-month | 2011 |     1 | legal_unit |     1 |      0 |      0 |                   1
 year-month | 2011 |     2 | legal_unit |     1 |      0 |      0 |                   0
 year-month | 2011 |     3 | legal_unit |     1 |      0 |      0 |                   0
 year-month | 2011 |     4 | legal_unit |     1 |      0 |      0 |                   0
 year-month | 2011 |     5 | legal_unit |     1 |      0 |      0 |                   0
 year-month | 2011 |     6 | legal_unit |     1 |      0 |      0 |                   0
 year-month | 2011 |     7 | legal_unit |     1 |      0 |      0 |                   0
 year-month | 2011 |     8 | legal_unit |     1 |      0 |      0 |                   0
 year-month | 2011 |     9 | legal_unit |     1 |      0 |      0 |                   0
 year-month | 2011 |    10 | legal_unit |     1 |      0 |      0 |                   0
 year-month | 2011 |    11 | legal_unit |     1 |      0 |      0 |                   0
 year-month | 2011 |    12 | legal_unit |     1 |      0 |      0 |                   0
 year-month | 2012 |     1 | legal_unit |     1 |      0 |      0 |                   1
 year-month | 2012 |     2 | legal_unit |     1 |      0 |      0 |                   0
 year-month | 2012 |     3 | legal_unit |     1 |      0 |      0 |                   0
 year-month | 2012 |     4 | legal_unit |     1 |      0 |      0 |                   0
 year-month | 2012 |     5 | legal_unit |     1 |      0 |      0 |                   0
 year-month | 2012 |     6 | legal_unit |     1 |      0 |      0 |                   0
 year-month | 2012 |     7 | legal_unit |     1 |      0 |      0 |                   0
 year-month | 2012 |     8 | legal_unit |     1 |      0 |      0 |                   0
 year-month | 2012 |     9 | legal_unit |     1 |      0 |      0 |                   0
 year-month | 2012 |    10 | legal_unit |     1 |      0 |      0 |                   0
 year-month | 2012 |    11 | legal_unit |     1 |      0 |      0 |                   0
 year-month | 2012 |    12 | legal_unit |     1 |      0 |      0 |                   0
(36 rows)

\x
ROLLBACK;
